find_executable: checking for pg_config... -------------------- yes

--------------------

find_header: checking for libpq-fe.h... -------------------- yes

LD_LIBRARY_PATH=.:/opt/hostedtoolcache/Ruby/4.0.1/x64/lib LSAN_OPTIONS=detect_leaks=0 "gcc -o conftest -I/opt/hostedtoolcache/Ruby/4.0.1/x64/include/ruby-4.0.0/x86_64-linux -I/opt/hostedtoolcache/Ruby/4.0.1/x64/include/ruby-4.0.0/ruby/backward -I/opt/hostedtoolcache/Ruby/4.0.1/x64/include/ruby-4.0.0 -I. -I/usr/include/postgresql -DENABLE_PATH_CHECK=0   -fstack-protector-strong -U_FORTIFY_SOURCE -D_FORTIFY_SOURCE=2  -O3 -fno-fast-math -ggdb3 -Wall -Wextra -Wdeprecated-declarations -Wdiv-by-zero -Wduplicated-cond -Wimplicit-function-declaration -Wimplicit-int -Wpointer-arith -Wwrite-strings -Wold-style-definition -Wimplicit-fallthrough=0 -Wmissing-noreturn -Wno-cast-function-type -Wno-constant-logical-operand -Wno-long-long -Wno-missing-field-initializers -Wno-overlength-strings -Wno-packed-bitfield-compat -Wno-parentheses-equality -Wno-self-assign -Wno-tautological-compare -Wno-unused-parameter -Wno-unused-value -Wsuggest-attribute=format -Wsuggest-attribute=noreturn -Wunused-variable -Wmisleading-indentation -Wundef  -fPIC conftest.c -L. -L/opt/hostedtoolcache/Ruby/4.0.1/x64/lib -Wl,-rpath,/opt/hostedtoolcache/Ruby/4.0.1/x64/lib -L/usr/lib/x86_64-linux-gnu -Wl,-rpath,/usr/lib/x86_64-linux-gnu -L. -fstack-protector-strong -rdynamic -Wl,-export-dynamic -Wl,--no-as-needed     -Wl,-rpath,/opt/hostedtoolcache/Ruby/4.0.1/x64/lib -L/opt/hostedtoolcache/Ruby/4.0.1/x64/lib -lruby  -lm -lpthread  -lc"
checked program was:
/* begin */
1: #include "ruby.h"
2: 
3: int main(int argc, char **argv)
4: {
5:   return !!argv[argc];
6: }
/* end */

LD_LIBRARY_PATH=.:/opt/hostedtoolcache/Ruby/4.0.1/x64/lib LSAN_OPTIONS=detect_leaks=0 "gcc -I/opt/hostedtoolcache/Ruby/4.0.1/x64/include/ruby-4.0.0/x86_64-linux -I/opt/hostedtoolcache/Ruby/4.0.1/x64/include/ruby-4.0.0/ruby/backward -I/opt/hostedtoolcache/Ruby/4.0.1/x64/include/ruby-4.0.0 -I. -I/usr/include/postgresql -DENABLE_PATH_CHECK=0   -fstack-protector-strong -U_FORTIFY_SOURCE -D_FORTIFY_SOURCE=2  -O3 -fno-fast-math -ggdb3 -Wall -Wextra -Wdeprecated-declarations -Wdiv-by-zero -Wduplicated-cond -Wimplicit-function-declaration -Wimplicit-int -Wpointer-arith -Wwrite-strings -Wold-style-definition -Wimplicit-fallthrough=0 -Wmissing-noreturn -Wno-cast-function-type -Wno-constant-logical-operand -Wno-long-long -Wno-missing-field-initializers -Wno-overlength-strings -Wno-packed-bitfield-compat -Wno-parentheses-equality -Wno-self-assign -Wno-tautological-compare -Wno-unused-parameter -Wno-unused-value -Wsuggest-attribute=format -Wsuggest-attribute=noreturn -Wunused-variable -Wmisleading-indentation -Wundef  -fPIC   -c conftest.c"
checked program was:
/* begin */
1: #include "ruby.h"
2: 
3: #include <libpq-fe.h>
/* end */

--------------------

find_header: checking for libpq/libpq-fs.h... -------------------- yes

LD_LIBRARY_PATH=.:/opt/hostedtoolcache/Ruby/4.0.1/x64/lib LSAN_OPTIONS=detect_leaks=0 "gcc -I/opt/hostedtoolcache/Ruby/4.0.1/x64/include/ruby-4.0.0/x86_64-linux -I/opt/hostedtoolcache/Ruby/4.0.1/x64/include/ruby-4.0.0/ruby/backward -I/opt/hostedtoolcache/Ruby/4.0.1/x64/include/ruby-4.0.0 -I. -I/usr/include/postgresql -DENABLE_PATH_CHECK=0   -fstack-protector-strong -U_FORTIFY_SOURCE -D_FORTIFY_SOURCE=2  -O3 -fno-fast-math -ggdb3 -Wall -Wextra -Wdeprecated-declarations -Wdiv-by-zero -Wduplicated-cond -Wimplicit-function-declaration -Wimplicit-int -Wpointer-arith -Wwrite-strings -Wold-style-definition -Wimplicit-fallthrough=0 -Wmissing-noreturn -Wno-cast-function-type -Wno-constant-logical-operand -Wno-long-long -Wno-missing-field-initializers -Wno-overlength-strings -Wno-packed-bitfield-compat -Wno-parentheses-equality -Wno-self-assign -Wno-tautological-compare -Wno-unused-parameter -Wno-unused-value -Wsuggest-attribute=format -Wsuggest-attribute=noreturn -Wunused-variable -Wmisleading-indentation -Wundef  -fPIC   -c conftest.c"
checked program was:
/* begin */
1: #include "ruby.h"
2: 
3: #include <libpq/libpq-fs.h>
/* end */

--------------------

find_header: checking for pg_config_manual.h... -------------------- yes

LD_LIBRARY_PATH=.:/opt/hostedtoolcache/Ruby/4.0.1/x64/lib LSAN_OPTIONS=detect_leaks=0 "gcc -I/opt/hostedtoolcache/Ruby/4.0.1/x64/include/ruby-4.0.0/x86_64-linux -I/opt/hostedtoolcache/Ruby/4.0.1/x64/include/ruby-4.0.0/ruby/backward -I/opt/hostedtoolcache/Ruby/4.0.1/x64/include/ruby-4.0.0 -I. -I/usr/include/postgresql -DENABLE_PATH_CHECK=0   -fstack-protector-strong -U_FORTIFY_SOURCE -D_FORTIFY_SOURCE=2  -O3 -fno-fast-math -ggdb3 -Wall -Wextra -Wdeprecated-declarations -Wdiv-by-zero -Wduplicated-cond -Wimplicit-function-declaration -Wimplicit-int -Wpointer-arith -Wwrite-strings -Wold-style-definition -Wimplicit-fallthrough=0 -Wmissing-noreturn -Wno-cast-function-type -Wno-constant-logical-operand -Wno-long-long -Wno-missing-field-initializers -Wno-overlength-strings -Wno-packed-bitfield-compat -Wno-parentheses-equality -Wno-self-assign -Wno-tautological-compare -Wno-unused-parameter -Wno-unused-value -Wsuggest-attribute=format -Wsuggest-attribute=noreturn -Wunused-variable -Wmisleading-indentation -Wundef  -fPIC   -c conftest.c"
In file included from conftest.c:3:
/usr/include/postgresql/pg_config_manual.h:85:5: warning: "SIZEOF_VOID_P" is not defined, evaluates to 0 [-Wundef]
   85 | #if SIZEOF_VOID_P >= 8
      |     ^~~~~~~~~~~~~
/usr/include/postgresql/pg_config_manual.h:135:5: warning: "HAVE_DECL_POSIX_FADVISE" is not defined, evaluates to 0 [-Wundef]
  135 | #if HAVE_DECL_POSIX_FADVISE && defined(HAVE_POSIX_FADVISE)
      |     ^~~~~~~~~~~~~~~~~~~~~~~
cc1: note: unrecognized command-line option ‘-Wno-self-assign’ may have been intended to silence earlier diagnostics
cc1: note: unrecognized command-line option ‘-Wno-parentheses-equality’ may have been intended to silence earlier diagnostics
cc1: note: unrecognized command-line option ‘-Wno-constant-logical-operand’ may have been intended to silence earlier diagnostics
checked program was:
/* begin */
1: #include "ruby.h"
2: 
3: #include <pg_config_manual.h>
/* end */

--------------------

have_library: checking for PQconnectdb() in -lpq... -------------------- yes

LD_LIBRARY_PATH=.:/opt/hostedtoolcache/Ruby/4.0.1/x64/lib LSAN_OPTIONS=detect_leaks=0 "gcc -o conftest -I/opt/hostedtoolcache/Ruby/4.0.1/x64/include/ruby-4.0.0/x86_64-linux -I/opt/hostedtoolcache/Ruby/4.0.1/x64/include/ruby-4.0.0/ruby/backward -I/opt/hostedtoolcache/Ruby/4.0.1/x64/include/ruby-4.0.0 -I. -I/usr/include/postgresql -DENABLE_PATH_CHECK=0   -fstack-protector-strong -U_FORTIFY_SOURCE -D_FORTIFY_SOURCE=2  -O3 -fno-fast-math -ggdb3 -Wall -Wextra -Wdeprecated-declarations -Wdiv-by-zero -Wduplicated-cond -Wimplicit-function-declaration -Wimplicit-int -Wpointer-arith -Wwrite-strings -Wold-style-definition -Wimplicit-fallthrough=0 -Wmissing-noreturn -Wno-cast-function-type -Wno-constant-logical-operand -Wno-long-long -Wno-missing-field-initializers -Wno-overlength-strings -Wno-packed-bitfield-compat -Wno-parentheses-equality -Wno-self-assign -Wno-tautological-compare -Wno-unused-parameter -Wno-unused-value -Wsuggest-attribute=format -Wsuggest-attribute=noreturn -Wunused-variable -Wmisleading-indentation -Wundef  -fPIC conftest.c -L. -L/opt/hostedtoolcache/Ruby/4.0.1/x64/lib -Wl,-rpath,/opt/hostedtoolcache/Ruby/4.0.1/x64/lib -L/usr/lib/x86_64-linux-gnu -Wl,-rpath,/usr/lib/x86_64-linux-gnu -L. -fstack-protector-strong -rdynamic -Wl,-export-dynamic -Wl,--no-as-needed     -Wl,-rpath,/opt/hostedtoolcache/Ruby/4.0.1/x64/lib -L/opt/hostedtoolcache/Ruby/4.0.1/x64/lib -lruby -lpq  -lm -lpthread  -lc"
checked program was:
/* begin */
 1: #include "ruby.h"
 2: 
 3: #include <libpq-fe.h>
 4: 
 5: /*top*/
 6: extern int t(void);
 7: int main(int argc, char **argv)
 8: {
 9:   if (argc > 1000000) {
10:     int (* volatile tp)(void)=(int (*)(void))&t;
11:     printf("%d", (*tp)());
12:   }
13: 
14:   return !!argv[argc];
15: }
16: int t(void) { void ((*volatile p)()); p = (void ((*)()))PQconnectdb; return !p; }
/* end */

--------------------

have_func: checking for PQencryptPasswordConn() in libpq-fe.h... -------------------- yes

LD_LIBRARY_PATH=.:/opt/hostedtoolcache/Ruby/4.0.1/x64/lib LSAN_OPTIONS=detect_leaks=0 "gcc -o conftest -I/opt/hostedtoolcache/Ruby/4.0.1/x64/include/ruby-4.0.0/x86_64-linux -I/opt/hostedtoolcache/Ruby/4.0.1/x64/include/ruby-4.0.0/ruby/backward -I/opt/hostedtoolcache/Ruby/4.0.1/x64/include/ruby-4.0.0 -I. -I/usr/include/postgresql -DENABLE_PATH_CHECK=0   -fstack-protector-strong -U_FORTIFY_SOURCE -D_FORTIFY_SOURCE=2  -O3 -fno-fast-math -ggdb3 -Wall -Wextra -Wdeprecated-declarations -Wdiv-by-zero -Wduplicated-cond -Wimplicit-function-declaration -Wimplicit-int -Wpointer-arith -Wwrite-strings -Wold-style-definition -Wimplicit-fallthrough=0 -Wmissing-noreturn -Wno-cast-function-type -Wno-constant-logical-operand -Wno-long-long -Wno-missing-field-initializers -Wno-overlength-strings -Wno-packed-bitfield-compat -Wno-parentheses-equality -Wno-self-assign -Wno-tautological-compare -Wno-unused-parameter -Wno-unused-value -Wsuggest-attribute=format -Wsuggest-attribute=noreturn -Wunused-variable -Wmisleading-indentation -Wundef  -fPIC conftest.c -L. -L/opt/hostedtoolcache/Ruby/4.0.1/x64/lib -Wl,-rpath,/opt/hostedtoolcache/Ruby/4.0.1/x64/lib -L/usr/lib/x86_64-linux-gnu -Wl,-rpath,/usr/lib/x86_64-linux-gnu -L. -fstack-protector-strong -rdynamic -Wl,-export-dynamic -Wl,--no-as-needed    -lpq  -Wl,-rpath,/opt/hostedtoolcache/Ruby/4.0.1/x64/lib -L/opt/hostedtoolcache/Ruby/4.0.1/x64/lib -lruby -lpq  -lm -lpthread  -lc"
checked program was:
/* begin */
 1: #include "ruby.h"
 2: 
 3: #include <libpq-fe.h>
 4: 
 5: /*top*/
 6: extern int t(void);
 7: int main(int argc, char **argv)
 8: {
 9:   if (argc > 1000000) {
10:     int (* volatile tp)(void)=(int (*)(void))&t;
11:     printf("%d", (*tp)());
12:   }
13: 
14:   return !!argv[argc];
15: }
16: int t(void) { void ((*volatile p)()); p = (void ((*)()))PQencryptPasswordConn; return !p; }
/* end */

--------------------

have_func: checking for PQresultMemorySize() in libpq-fe.h... -------------------- yes

LD_LIBRARY_PATH=.:/opt/hostedtoolcache/Ruby/4.0.1/x64/lib LSAN_OPTIONS=detect_leaks=0 "gcc -o conftest -I/opt/hostedtoolcache/Ruby/4.0.1/x64/include/ruby-4.0.0/x86_64-linux -I/opt/hostedtoolcache/Ruby/4.0.1/x64/include/ruby-4.0.0/ruby/backward -I/opt/hostedtoolcache/Ruby/4.0.1/x64/include/ruby-4.0.0 -I. -I/usr/include/postgresql -DENABLE_PATH_CHECK=0   -fstack-protector-strong -U_FORTIFY_SOURCE -D_FORTIFY_SOURCE=2  -O3 -fno-fast-math -ggdb3 -Wall -Wextra -Wdeprecated-declarations -Wdiv-by-zero -Wduplicated-cond -Wimplicit-function-declaration -Wimplicit-int -Wpointer-arith -Wwrite-strings -Wold-style-definition -Wimplicit-fallthrough=0 -Wmissing-noreturn -Wno-cast-function-type -Wno-constant-logical-operand -Wno-long-long -Wno-missing-field-initializers -Wno-overlength-strings -Wno-packed-bitfield-compat -Wno-parentheses-equality -Wno-self-assign -Wno-tautological-compare -Wno-unused-parameter -Wno-unused-value -Wsuggest-attribute=format -Wsuggest-attribute=noreturn -Wunused-variable -Wmisleading-indentation -Wundef  -fPIC conftest.c -L. -L/opt/hostedtoolcache/Ruby/4.0.1/x64/lib -Wl,-rpath,/opt/hostedtoolcache/Ruby/4.0.1/x64/lib -L/usr/lib/x86_64-linux-gnu -Wl,-rpath,/usr/lib/x86_64-linux-gnu -L. -fstack-protector-strong -rdynamic -Wl,-export-dynamic -Wl,--no-as-needed    -lpq  -Wl,-rpath,/opt/hostedtoolcache/Ruby/4.0.1/x64/lib -L/opt/hostedtoolcache/Ruby/4.0.1/x64/lib -lruby -lpq  -lm -lpthread  -lc"
checked program was:
/* begin */
 1: #include "ruby.h"
 2: 
 3: #include <libpq-fe.h>
 4: 
 5: /*top*/
 6: extern int t(void);
 7: int main(int argc, char **argv)
 8: {
 9:   if (argc > 1000000) {
10:     int (* volatile tp)(void)=(int (*)(void))&t;
11:     printf("%d", (*tp)());
12:   }
13: 
14:   return !!argv[argc];
15: }
16: int t(void) { void ((*volatile p)()); p = (void ((*)()))PQresultMemorySize; return !p; }
/* end */

--------------------

have_func: checking for PQenterPipelineMode() in libpq-fe.h... -------------------- yes

LD_LIBRARY_PATH=.:/opt/hostedtoolcache/Ruby/4.0.1/x64/lib LSAN_OPTIONS=detect_leaks=0 "gcc -o conftest -I/opt/hostedtoolcache/Ruby/4.0.1/x64/include/ruby-4.0.0/x86_64-linux -I/opt/hostedtoolcache/Ruby/4.0.1/x64/include/ruby-4.0.0/ruby/backward -I/opt/hostedtoolcache/Ruby/4.0.1/x64/include/ruby-4.0.0 -I. -I/usr/include/postgresql -DENABLE_PATH_CHECK=0   -fstack-protector-strong -U_FORTIFY_SOURCE -D_FORTIFY_SOURCE=2  -O3 -fno-fast-math -ggdb3 -Wall -Wextra -Wdeprecated-declarations -Wdiv-by-zero -Wduplicated-cond -Wimplicit-function-declaration -Wimplicit-int -Wpointer-arith -Wwrite-strings -Wold-style-definition -Wimplicit-fallthrough=0 -Wmissing-noreturn -Wno-cast-function-type -Wno-constant-logical-operand -Wno-long-long -Wno-missing-field-initializers -Wno-overlength-strings -Wno-packed-bitfield-compat -Wno-parentheses-equality -Wno-self-assign -Wno-tautological-compare -Wno-unused-parameter -Wno-unused-value -Wsuggest-attribute=format -Wsuggest-attribute=noreturn -Wunused-variable -Wmisleading-indentation -Wundef  -fPIC conftest.c -L. -L/opt/hostedtoolcache/Ruby/4.0.1/x64/lib -Wl,-rpath,/opt/hostedtoolcache/Ruby/4.0.1/x64/lib -L/usr/lib/x86_64-linux-gnu -Wl,-rpath,/usr/lib/x86_64-linux-gnu -L. -fstack-protector-strong -rdynamic -Wl,-export-dynamic -Wl,--no-as-needed    -lpq  -Wl,-rpath,/opt/hostedtoolcache/Ruby/4.0.1/x64/lib -L/opt/hostedtoolcache/Ruby/4.0.1/x64/lib -lruby -lpq  -lm -lpthread  -lc"
conftest.c: In function ‘con’:
conftest.c:17:6: warning: old-style function definition [-Wold-style-definition]
   17 |  int con(){ return PGRES_PIPELINE_SYNC; }
      |      ^~~
At top level:
cc1: note: unrecognized command-line option ‘-Wno-self-assign’ may have been intended to silence earlier diagnostics
cc1: note: unrecognized command-line option ‘-Wno-parentheses-equality’ may have been intended to silence earlier diagnostics
cc1: note: unrecognized command-line option ‘-Wno-constant-logical-operand’ may have been intended to silence earlier diagnostics
checked program was:
/* begin */
 1: #include "ruby.h"
 2: 
 3: #include <libpq-fe.h>
 4: 
 5: /*top*/
 6: extern int t(void);
 7: int main(int argc, char **argv)
 8: {
 9:   if (argc > 1000000) {
10:     int (* volatile tp)(void)=(int (*)(void))&t;
11:     printf("%d", (*tp)());
12:   }
13: 
14:   return !!argv[argc];
15: }
16: int t(void) { void ((*volatile p)()); p = (void ((*)()))PQenterPipelineMode; return !p; }
17:  int con(){ return PGRES_PIPELINE_SYNC; }
/* end */

--------------------

have_func: checking for PQsetChunkedRowsMode() in libpq-fe.h... -------------------- yes

LD_LIBRARY_PATH=.:/opt/hostedtoolcache/Ruby/4.0.1/x64/lib LSAN_OPTIONS=detect_leaks=0 "gcc -o conftest -I/opt/hostedtoolcache/Ruby/4.0.1/x64/include/ruby-4.0.0/x86_64-linux -I/opt/hostedtoolcache/Ruby/4.0.1/x64/include/ruby-4.0.0/ruby/backward -I/opt/hostedtoolcache/Ruby/4.0.1/x64/include/ruby-4.0.0 -I. -I/usr/include/postgresql -DENABLE_PATH_CHECK=0   -fstack-protector-strong -U_FORTIFY_SOURCE -D_FORTIFY_SOURCE=2  -O3 -fno-fast-math -ggdb3 -Wall -Wextra -Wdeprecated-declarations -Wdiv-by-zero -Wduplicated-cond -Wimplicit-function-declaration -Wimplicit-int -Wpointer-arith -Wwrite-strings -Wold-style-definition -Wimplicit-fallthrough=0 -Wmissing-noreturn -Wno-cast-function-type -Wno-constant-logical-operand -Wno-long-long -Wno-missing-field-initializers -Wno-overlength-strings -Wno-packed-bitfield-compat -Wno-parentheses-equality -Wno-self-assign -Wno-tautological-compare -Wno-unused-parameter -Wno-unused-value -Wsuggest-attribute=format -Wsuggest-attribute=noreturn -Wunused-variable -Wmisleading-indentation -Wundef  -fPIC conftest.c -L. -L/opt/hostedtoolcache/Ruby/4.0.1/x64/lib -Wl,-rpath,/opt/hostedtoolcache/Ruby/4.0.1/x64/lib -L/usr/lib/x86_64-linux-gnu -Wl,-rpath,/usr/lib/x86_64-linux-gnu -L. -fstack-protector-strong -rdynamic -Wl,-export-dynamic -Wl,--no-as-needed    -lpq  -Wl,-rpath,/opt/hostedtoolcache/Ruby/4.0.1/x64/lib -L/opt/hostedtoolcache/Ruby/4.0.1/x64/lib -lruby -lpq  -lm -lpthread  -lc"
checked program was:
/* begin */
 1: #include "ruby.h"
 2: 
 3: #include <libpq-fe.h>
 4: 
 5: /*top*/
 6: extern int t(void);
 7: int main(int argc, char **argv)
 8: {
 9:   if (argc > 1000000) {
10:     int (* volatile tp)(void)=(int (*)(void))&t;
11:     printf("%d", (*tp)());
12:   }
13: 
14:   return !!argv[argc];
15: }
16: int t(void) { void ((*volatile p)()); p = (void ((*)()))PQsetChunkedRowsMode; return !p; }
/* end */

--------------------

have_func: checking for timegm()... -------------------- yes

LD_LIBRARY_PATH=.:/opt/hostedtoolcache/Ruby/4.0.1/x64/lib LSAN_OPTIONS=detect_leaks=0 "gcc -o conftest -I/opt/hostedtoolcache/Ruby/4.0.1/x64/include/ruby-4.0.0/x86_64-linux -I/opt/hostedtoolcache/Ruby/4.0.1/x64/include/ruby-4.0.0/ruby/backward -I/opt/hostedtoolcache/Ruby/4.0.1/x64/include/ruby-4.0.0 -I. -I/usr/include/postgresql -DENABLE_PATH_CHECK=0   -fstack-protector-strong -U_FORTIFY_SOURCE -D_FORTIFY_SOURCE=2  -O3 -fno-fast-math -ggdb3 -Wall -Wextra -Wdeprecated-declarations -Wdiv-by-zero -Wduplicated-cond -Wimplicit-function-declaration -Wimplicit-int -Wpointer-arith -Wwrite-strings -Wold-style-definition -Wimplicit-fallthrough=0 -Wmissing-noreturn -Wno-cast-function-type -Wno-constant-logical-operand -Wno-long-long -Wno-missing-field-initializers -Wno-overlength-strings -Wno-packed-bitfield-compat -Wno-parentheses-equality -Wno-self-assign -Wno-tautological-compare -Wno-unused-parameter -Wno-unused-value -Wsuggest-attribute=format -Wsuggest-attribute=noreturn -Wunused-variable -Wmisleading-indentation -Wundef  -fPIC conftest.c -L. -L/opt/hostedtoolcache/Ruby/4.0.1/x64/lib -Wl,-rpath,/opt/hostedtoolcache/Ruby/4.0.1/x64/lib -L/usr/lib/x86_64-linux-gnu -Wl,-rpath,/usr/lib/x86_64-linux-gnu -L. -fstack-protector-strong -rdynamic -Wl,-export-dynamic -Wl,--no-as-needed    -lpq  -Wl,-rpath,/opt/hostedtoolcache/Ruby/4.0.1/x64/lib -L/opt/hostedtoolcache/Ruby/4.0.1/x64/lib -lruby -lpq  -lm -lpthread  -lc"
checked program was:
/* begin */
 1: #include "ruby.h"
 2: 
 3: /*top*/
 4: extern int t(void);
 5: int main(int argc, char **argv)
 6: {
 7:   if (argc > 1000000) {
 8:     int (* volatile tp)(void)=(int (*)(void))&t;
 9:     printf("%d", (*tp)());
10:   }
11: 
12:   return !!argv[argc];
13: }
14: int t(void) { void ((*volatile p)()); p = (void ((*)()))timegm; return !p; }
/* end */

--------------------

have_func: checking for rb_io_wait()... -------------------- yes

LD_LIBRARY_PATH=.:/opt/hostedtoolcache/Ruby/4.0.1/x64/lib LSAN_OPTIONS=detect_leaks=0 "gcc -o conftest -I/opt/hostedtoolcache/Ruby/4.0.1/x64/include/ruby-4.0.0/x86_64-linux -I/opt/hostedtoolcache/Ruby/4.0.1/x64/include/ruby-4.0.0/ruby/backward -I/opt/hostedtoolcache/Ruby/4.0.1/x64/include/ruby-4.0.0 -I. -I/usr/include/postgresql -DENABLE_PATH_CHECK=0   -fstack-protector-strong -U_FORTIFY_SOURCE -D_FORTIFY_SOURCE=2  -O3 -fno-fast-math -ggdb3 -Wall -Wextra -Wdeprecated-declarations -Wdiv-by-zero -Wduplicated-cond -Wimplicit-function-declaration -Wimplicit-int -Wpointer-arith -Wwrite-strings -Wold-style-definition -Wimplicit-fallthrough=0 -Wmissing-noreturn -Wno-cast-function-type -Wno-constant-logical-operand -Wno-long-long -Wno-missing-field-initializers -Wno-overlength-strings -Wno-packed-bitfield-compat -Wno-parentheses-equality -Wno-self-assign -Wno-tautological-compare -Wno-unused-parameter -Wno-unused-value -Wsuggest-attribute=format -Wsuggest-attribute=noreturn -Wunused-variable -Wmisleading-indentation -Wundef  -fPIC conftest.c -L. -L/opt/hostedtoolcache/Ruby/4.0.1/x64/lib -Wl,-rpath,/opt/hostedtoolcache/Ruby/4.0.1/x64/lib -L/usr/lib/x86_64-linux-gnu -Wl,-rpath,/usr/lib/x86_64-linux-gnu -L. -fstack-protector-strong -rdynamic -Wl,-export-dynamic -Wl,--no-as-needed    -lpq  -Wl,-rpath,/opt/hostedtoolcache/Ruby/4.0.1/x64/lib -L/opt/hostedtoolcache/Ruby/4.0.1/x64/lib -lruby -lpq  -lm -lpthread  -lc"
conftest.c: In function ‘t’:
conftest.c:14:57: error: ‘rb_io_wait’ undeclared (first use in this function); did you mean ‘rb_io_write’?
   14 | int t(void) { void ((*volatile p)()); p = (void ((*)()))rb_io_wait; return !p; }
      |                                                         ^~~~~~~~~~
      |                                                         rb_io_write
conftest.c:14:57: note: each undeclared identifier is reported only once for each function it appears in
At top level:
cc1: note: unrecognized command-line option ‘-Wno-self-assign’ may have been intended to silence earlier diagnostics
cc1: note: unrecognized command-line option ‘-Wno-parentheses-equality’ may have been intended to silence earlier diagnostics
cc1: note: unrecognized command-line option ‘-Wno-constant-logical-operand’ may have been intended to silence earlier diagnostics
checked program was:
/* begin */
 1: #include "ruby.h"
 2: 
 3: /*top*/
 4: extern int t(void);
 5: int main(int argc, char **argv)
 6: {
 7:   if (argc > 1000000) {
 8:     int (* volatile tp)(void)=(int (*)(void))&t;
 9:     printf("%d", (*tp)());
10:   }
11: 
12:   return !!argv[argc];
13: }
14: int t(void) { void ((*volatile p)()); p = (void ((*)()))rb_io_wait; return !p; }
/* end */

LD_LIBRARY_PATH=.:/opt/hostedtoolcache/Ruby/4.0.1/x64/lib LSAN_OPTIONS=detect_leaks=0 "gcc -o conftest -I/opt/hostedtoolcache/Ruby/4.0.1/x64/include/ruby-4.0.0/x86_64-linux -I/opt/hostedtoolcache/Ruby/4.0.1/x64/include/ruby-4.0.0/ruby/backward -I/opt/hostedtoolcache/Ruby/4.0.1/x64/include/ruby-4.0.0 -I. -I/usr/include/postgresql -DENABLE_PATH_CHECK=0   -fstack-protector-strong -U_FORTIFY_SOURCE -D_FORTIFY_SOURCE=2  -O3 -fno-fast-math -ggdb3 -Wall -Wextra -Wdeprecated-declarations -Wdiv-by-zero -Wduplicated-cond -Wimplicit-function-declaration -Wimplicit-int -Wpointer-arith -Wwrite-strings -Wold-style-definition -Wimplicit-fallthrough=0 -Wmissing-noreturn -Wno-cast-function-type -Wno-constant-logical-operand -Wno-long-long -Wno-missing-field-initializers -Wno-overlength-strings -Wno-packed-bitfield-compat -Wno-parentheses-equality -Wno-self-assign -Wno-tautological-compare -Wno-unused-parameter -Wno-unused-value -Wsuggest-attribute=format -Wsuggest-attribute=noreturn -Wunused-variable -Wmisleading-indentation -Wundef  -fPIC conftest.c -L. -L/opt/hostedtoolcache/Ruby/4.0.1/x64/lib -Wl,-rpath,/opt/hostedtoolcache/Ruby/4.0.1/x64/lib -L/usr/lib/x86_64-linux-gnu -Wl,-rpath,/usr/lib/x86_64-linux-gnu -L. -fstack-protector-strong -rdynamic -Wl,-export-dynamic -Wl,--no-as-needed    -lpq  -Wl,-rpath,/opt/hostedtoolcache/Ruby/4.0.1/x64/lib -L/opt/hostedtoolcache/Ruby/4.0.1/x64/lib -lruby -lpq  -lm -lpthread  -lc"
checked program was:
/* begin */
 1: #include "ruby.h"
 2: 
 3: /*top*/
 4: extern int t(void);
 5: int main(int argc, char **argv)
 6: {
 7:   if (argc > 1000000) {
 8:     int (* volatile tp)(void)=(int (*)(void))&t;
 9:     printf("%d", (*tp)());
10:   }
11: 
12:   return !!argv[argc];
13: }
14: extern void rb_io_wait();
15: int t(void) { rb_io_wait(); return 0; }
/* end */

--------------------

have_func: checking for rb_io_descriptor()... -------------------- yes

LD_LIBRARY_PATH=.:/opt/hostedtoolcache/Ruby/4.0.1/x64/lib LSAN_OPTIONS=detect_leaks=0 "gcc -o conftest -I/opt/hostedtoolcache/Ruby/4.0.1/x64/include/ruby-4.0.0/x86_64-linux -I/opt/hostedtoolcache/Ruby/4.0.1/x64/include/ruby-4.0.0/ruby/backward -I/opt/hostedtoolcache/Ruby/4.0.1/x64/include/ruby-4.0.0 -I. -I/usr/include/postgresql -DENABLE_PATH_CHECK=0   -fstack-protector-strong -U_FORTIFY_SOURCE -D_FORTIFY_SOURCE=2  -O3 -fno-fast-math -ggdb3 -Wall -Wextra -Wdeprecated-declarations -Wdiv-by-zero -Wduplicated-cond -Wimplicit-function-declaration -Wimplicit-int -Wpointer-arith -Wwrite-strings -Wold-style-definition -Wimplicit-fallthrough=0 -Wmissing-noreturn -Wno-cast-function-type -Wno-constant-logical-operand -Wno-long-long -Wno-missing-field-initializers -Wno-overlength-strings -Wno-packed-bitfield-compat -Wno-parentheses-equality -Wno-self-assign -Wno-tautological-compare -Wno-unused-parameter -Wno-unused-value -Wsuggest-attribute=format -Wsuggest-attribute=noreturn -Wunused-variable -Wmisleading-indentation -Wundef  -fPIC conftest.c -L. -L/opt/hostedtoolcache/Ruby/4.0.1/x64/lib -Wl,-rpath,/opt/hostedtoolcache/Ruby/4.0.1/x64/lib -L/usr/lib/x86_64-linux-gnu -Wl,-rpath,/usr/lib/x86_64-linux-gnu -L. -fstack-protector-strong -rdynamic -Wl,-export-dynamic -Wl,--no-as-needed    -lpq  -Wl,-rpath,/opt/hostedtoolcache/Ruby/4.0.1/x64/lib -L/opt/hostedtoolcache/Ruby/4.0.1/x64/lib -lruby -lpq  -lm -lpthread  -lc"
conftest.c: In function ‘t’:
conftest.c:14:57: error: ‘rb_io_descriptor’ undeclared (first use in this function)
   14 | int t(void) { void ((*volatile p)()); p = (void ((*)()))rb_io_descriptor; return !p; }
      |                                                         ^~~~~~~~~~~~~~~~
conftest.c:14:57: note: each undeclared identifier is reported only once for each function it appears in
At top level:
cc1: note: unrecognized command-line option ‘-Wno-self-assign’ may have been intended to silence earlier diagnostics
cc1: note: unrecognized command-line option ‘-Wno-parentheses-equality’ may have been intended to silence earlier diagnostics
cc1: note: unrecognized command-line option ‘-Wno-constant-logical-operand’ may have been intended to silence earlier diagnostics
checked program was:
/* begin */
 1: #include "ruby.h"
 2: 
 3: /*top*/
 4: extern int t(void);
 5: int main(int argc, char **argv)
 6: {
 7:   if (argc > 1000000) {
 8:     int (* volatile tp)(void)=(int (*)(void))&t;
 9:     printf("%d", (*tp)());
10:   }
11: 
12:   return !!argv[argc];
13: }
14: int t(void) { void ((*volatile p)()); p = (void ((*)()))rb_io_descriptor; return !p; }
/* end */

LD_LIBRARY_PATH=.:/opt/hostedtoolcache/Ruby/4.0.1/x64/lib LSAN_OPTIONS=detect_leaks=0 "gcc -o conftest -I/opt/hostedtoolcache/Ruby/4.0.1/x64/include/ruby-4.0.0/x86_64-linux -I/opt/hostedtoolcache/Ruby/4.0.1/x64/include/ruby-4.0.0/ruby/backward -I/opt/hostedtoolcache/Ruby/4.0.1/x64/include/ruby-4.0.0 -I. -I/usr/include/postgresql -DENABLE_PATH_CHECK=0   -fstack-protector-strong -U_FORTIFY_SOURCE -D_FORTIFY_SOURCE=2  -O3 -fno-fast-math -ggdb3 -Wall -Wextra -Wdeprecated-declarations -Wdiv-by-zero -Wduplicated-cond -Wimplicit-function-declaration -Wimplicit-int -Wpointer-arith -Wwrite-strings -Wold-style-definition -Wimplicit-fallthrough=0 -Wmissing-noreturn -Wno-cast-function-type -Wno-constant-logical-operand -Wno-long-long -Wno-missing-field-initializers -Wno-overlength-strings -Wno-packed-bitfield-compat -Wno-parentheses-equality -Wno-self-assign -Wno-tautological-compare -Wno-unused-parameter -Wno-unused-value -Wsuggest-attribute=format -Wsuggest-attribute=noreturn -Wunused-variable -Wmisleading-indentation -Wundef  -fPIC conftest.c -L. -L/opt/hostedtoolcache/Ruby/4.0.1/x64/lib -Wl,-rpath,/opt/hostedtoolcache/Ruby/4.0.1/x64/lib -L/usr/lib/x86_64-linux-gnu -Wl,-rpath,/usr/lib/x86_64-linux-gnu -L. -fstack-protector-strong -rdynamic -Wl,-export-dynamic -Wl,--no-as-needed    -lpq  -Wl,-rpath,/opt/hostedtoolcache/Ruby/4.0.1/x64/lib -L/opt/hostedtoolcache/Ruby/4.0.1/x64/lib -lruby -lpq  -lm -lpthread  -lc"
checked program was:
/* begin */
 1: #include "ruby.h"
 2: 
 3: /*top*/
 4: extern int t(void);
 5: int main(int argc, char **argv)
 6: {
 7:   if (argc > 1000000) {
 8:     int (* volatile tp)(void)=(int (*)(void))&t;
 9:     printf("%d", (*tp)());
10:   }
11: 
12:   return !!argv[argc];
13: }
14: extern void rb_io_descriptor();
15: int t(void) { rb_io_descriptor(); return 0; }
/* end */

--------------------

have_func: checking for rb_hash_new_capa()... -------------------- yes

LD_LIBRARY_PATH=.:/opt/hostedtoolcache/Ruby/4.0.1/x64/lib LSAN_OPTIONS=detect_leaks=0 "gcc -o conftest -I/opt/hostedtoolcache/Ruby/4.0.1/x64/include/ruby-4.0.0/x86_64-linux -I/opt/hostedtoolcache/Ruby/4.0.1/x64/include/ruby-4.0.0/ruby/backward -I/opt/hostedtoolcache/Ruby/4.0.1/x64/include/ruby-4.0.0 -I. -I/usr/include/postgresql -DENABLE_PATH_CHECK=0   -fstack-protector-strong -U_FORTIFY_SOURCE -D_FORTIFY_SOURCE=2  -O3 -fno-fast-math -ggdb3 -Wall -Wextra -Wdeprecated-declarations -Wdiv-by-zero -Wduplicated-cond -Wimplicit-function-declaration -Wimplicit-int -Wpointer-arith -Wwrite-strings -Wold-style-definition -Wimplicit-fallthrough=0 -Wmissing-noreturn -Wno-cast-function-type -Wno-constant-logical-operand -Wno-long-long -Wno-missing-field-initializers -Wno-overlength-strings -Wno-packed-bitfield-compat -Wno-parentheses-equality -Wno-self-assign -Wno-tautological-compare -Wno-unused-parameter -Wno-unused-value -Wsuggest-attribute=format -Wsuggest-attribute=noreturn -Wunused-variable -Wmisleading-indentation -Wundef  -fPIC conftest.c -L. -L/opt/hostedtoolcache/Ruby/4.0.1/x64/lib -Wl,-rpath,/opt/hostedtoolcache/Ruby/4.0.1/x64/lib -L/usr/lib/x86_64-linux-gnu -Wl,-rpath,/usr/lib/x86_64-linux-gnu -L. -fstack-protector-strong -rdynamic -Wl,-export-dynamic -Wl,--no-as-needed    -lpq  -Wl,-rpath,/opt/hostedtoolcache/Ruby/4.0.1/x64/lib -L/opt/hostedtoolcache/Ruby/4.0.1/x64/lib -lruby -lpq  -lm -lpthread  -lc"
checked program was:
/* begin */
 1: #include "ruby.h"
 2: 
 3: /*top*/
 4: extern int t(void);
 5: int main(int argc, char **argv)
 6: {
 7:   if (argc > 1000000) {
 8:     int (* volatile tp)(void)=(int (*)(void))&t;
 9:     printf("%d", (*tp)());
10:   }
11: 
12:   return !!argv[argc];
13: }
14: int t(void) { void ((*volatile p)()); p = (void ((*)()))rb_hash_new_capa; return !p; }
/* end */

--------------------

have_header: checking for inttypes.h... -------------------- yes

LD_LIBRARY_PATH=.:/opt/hostedtoolcache/Ruby/4.0.1/x64/lib LSAN_OPTIONS=detect_leaks=0 "gcc -I/opt/hostedtoolcache/Ruby/4.0.1/x64/include/ruby-4.0.0/x86_64-linux -I/opt/hostedtoolcache/Ruby/4.0.1/x64/include/ruby-4.0.0/ruby/backward -I/opt/hostedtoolcache/Ruby/4.0.1/x64/include/ruby-4.0.0 -I. -I/usr/include/postgresql -DENABLE_PATH_CHECK=0   -fstack-protector-strong -U_FORTIFY_SOURCE -D_FORTIFY_SOURCE=2  -O3 -fno-fast-math -ggdb3 -Wall -Wextra -Wdeprecated-declarations -Wdiv-by-zero -Wduplicated-cond -Wimplicit-function-declaration -Wimplicit-int -Wpointer-arith -Wwrite-strings -Wold-style-definition -Wimplicit-fallthrough=0 -Wmissing-noreturn -Wno-cast-function-type -Wno-constant-logical-operand -Wno-long-long -Wno-missing-field-initializers -Wno-overlength-strings -Wno-packed-bitfield-compat -Wno-parentheses-equality -Wno-self-assign -Wno-tautological-compare -Wno-unused-parameter -Wno-unused-value -Wsuggest-attribute=format -Wsuggest-attribute=noreturn -Wunused-variable -Wmisleading-indentation -Wundef  -fPIC   -c conftest.c"
checked program was:
/* begin */
1: #include "ruby.h"
2: 
3: #include <inttypes.h>
/* end */

--------------------

checking for C99 variable length arrays... -------------------- yes

LD_LIBRARY_PATH=.:/opt/hostedtoolcache/Ruby/4.0.1/x64/lib LSAN_OPTIONS=detect_leaks=0 "gcc -I/opt/hostedtoolcache/Ruby/4.0.1/x64/include/ruby-4.0.0/x86_64-linux -I/opt/hostedtoolcache/Ruby/4.0.1/x64/include/ruby-4.0.0/ruby/backward -I/opt/hostedtoolcache/Ruby/4.0.1/x64/include/ruby-4.0.0 -I. -I/usr/include/postgresql -DENABLE_PATH_CHECK=0   -fstack-protector-strong -U_FORTIFY_SOURCE -D_FORTIFY_SOURCE=2  -O3 -fno-fast-math -ggdb3 -Wall -Wextra -Wdeprecated-declarations -Wdiv-by-zero -Wduplicated-cond -Wimplicit-function-declaration -Wimplicit-int -Wpointer-arith -Wwrite-strings -Wold-style-definition -Wimplicit-fallthrough=0 -Wmissing-noreturn -Wno-cast-function-type -Wno-constant-logical-operand -Wno-long-long -Wno-missing-field-initializers -Wno-overlength-strings -Wno-packed-bitfield-compat -Wno-parentheses-equality -Wno-self-assign -Wno-tautological-compare -Wno-unused-parameter -Wno-unused-value -Wsuggest-attribute=format -Wsuggest-attribute=noreturn -Wunused-variable -Wmisleading-indentation -Wundef  -fPIC   -c conftest.c"
conftest.c: In function ‘test_vla’:
conftest.c:3:27: warning: unused variable ‘vla’ [-Wunused-variable]
    3 | void test_vla(int l){ int vla[l]; }
      |                           ^~~
At top level:
cc1: note: unrecognized command-line option ‘-Wno-self-assign’ may have been intended to silence earlier diagnostics
cc1: note: unrecognized command-line option ‘-Wno-parentheses-equality’ may have been intended to silence earlier diagnostics
cc1: note: unrecognized command-line option ‘-Wno-constant-logical-operand’ may have been intended to silence earlier diagnostics
checked program was:
/* begin */
1: #include "ruby.h"
2: 
3: void test_vla(int l){ int vla[l]; }
/* end */

--------------------

extconf.h is:
/* begin */
 1: #ifndef EXTCONF_H
 2: #define EXTCONF_H
 3: #define ENABLE_GVL_UNLOCK 1
 4: #define HAVE_PQENCRYPTPASSWORDCONN 1
 5: #define HAVE_PQRESULTMEMORYSIZE 1
 6: #define HAVE_PQENTERPIPELINEMODE 1
 7: #define HAVE_PQSETCHUNKEDROWSMODE 1
 8: #define HAVE_TIMEGM 1
 9: #define HAVE_RB_IO_WAIT 1
10: #define HAVE_RB_IO_DESCRIPTOR 1
11: #define HAVE_RB_HASH_NEW_CAPA 1
12: #define HAVE_INTTYPES_H 1
13: #define HAVE_VARIABLE_LENGTH_ARRAYS 1
14: #endif
/* end */

